OMNeT++ Discrete Event Simulation  (C) 1992-2025 Andras Varga, OpenSim Ltd.
Version: 6.4.0, build: 260506-2cf25223fe, edition: Academic Public License -- NOT FOR COMMERCIAL USE
See the license for distribution terms and warranty disclaimer

Setting up Cmdenv...

Loading NED files from /home/opp_env/tsn_fault_recovery/generated:  4
Loading NED files from /home/opp_env/tsn_fault_recovery/src:  10
Loading NED files from /home/opp_env/inet-4.7.0/src:  1262

Preparing for running configuration Online_l_s2_s4, run #0...
Assigned runID=Online_l_s2_s4-0-20260829-18:07:47-1382
Setting up network "diamond.ScenarioNetwork"...
Initializing...

Running simulation...
** Event #0   t=0   Elapsed: 8e-06s (0m 00s)  0% completed  (0% total)
     Speed:     ev/sec=0   simsec/sec=0   ev/simsec=0
     Messages:  created: 180   present: 180   in FES: 45   Memory (RSS): 122.5MiB
** Event #4528   t=0.02   Elapsed: 0.031126s (0m 00s)  100% completed  (100% total)
     Speed:     ev/sec=145492   simsec/sec=0.642632   ev/simsec=226400
     Messages:  created: 3551   present: 209   in FES: 28   Memory (RSS): 149.531MiB

<!> Simulation time limit reached -- at t=0.02s, event #4528

Calling finish() at end of Run #0...

End.
