OMNeT++ Discrete Event Simulation  (C) 1992-2025 Andras Varga, OpenSim Ltd.
Version: 6.4.0, build: 260506-2cf25223fe, edition: Academic Public License -- NOT FOR COMMERCIAL USE
See the license for distribution terms and warranty disclaimer

Setting up Cmdenv...

Loading NED files from /home/opp_env/tsn_fault_recovery/generated:  5
Loading NED files from /home/opp_env/tsn_fault_recovery/src:  10
Loading NED files from /home/opp_env/inet-4.7.0/src:  1262

Preparing for running configuration Online_l_sw2_sw5, run #0...
Assigned runID=Online_l_sw2_sw5-0-20260829-19:01:20-10213
Setting up network "mesh10.ScenarioNetwork"...
Initializing...

Running simulation...
** Event #0   t=0   Elapsed: 1.5e-05s (0m 00s)  0% completed  (0% total)
     Speed:     ev/sec=0   simsec/sec=0   ev/simsec=0
     Messages:  created: 654   present: 654   in FES: 173   Memory (RSS): 160MiB
** Event #21207   t=0.025   Elapsed: 0.234949s (0m 00s)  100% completed  (100% total)
     Speed:     ev/sec=90267.5   simsec/sec=0.106412   ev/simsec=848280
     Messages:  created: 13933   present: 753   in FES: 90   Memory (RSS): 188.75MiB

<!> Simulation time limit reached -- at t=0.025s, event #21207

Calling finish() at end of Run #0...

End.
