OMNeT++ Discrete Event Simulation  (C) 1992-2025 Andras Varga, OpenSim Ltd.
Version: 6.4.0, build: 260506-2cf25223fe, edition: Academic Public License -- NOT FOR COMMERCIAL USE
See the license for distribution terms and warranty disclaimer

Setting up Cmdenv...

Loading NED files from /home/opp_env/tsn_fault_recovery/generated:  5
Loading NED files from /home/opp_env/tsn_fault_recovery/src:  10
Loading NED files from /home/opp_env/inet-4.7.0/src:  1262

Preparing for running configuration Offline_l_sw15_sw20, run #0...
Assigned runID=Offline_l_sw15_sw20-0-20260829-19:10:13-13022
Setting up network "structured20_auto.ScenarioNetwork"...
Initializing...

Running simulation...
** Event #0   t=0   Elapsed: 1e-05s (0m 00s)  0% completed  (0% total)
     Speed:     ev/sec=0   simsec/sec=0   ev/simsec=0
     Messages:  created: 1302   present: 1302   in FES: 351   Memory (RSS): 221.562MiB
** Event #59443   t=0.03   Elapsed: 0.384855s (0m 00s)  100% completed  (100% total)
     Speed:     ev/sec=154459   simsec/sec=0.0779531   ev/simsec=1.98143e+06
     Messages:  created: 41069   present: 1493   in FES: 186   Memory (RSS): 234.219MiB

<!> Simulation time limit reached -- at t=0.03s, event #59443

Calling finish() at end of Run #0...

End.
