OMNeT++ Discrete Event Simulation  (C) 1992-2025 Andras Varga, OpenSim Ltd.
Version: 6.4.0, build: 260506-2cf25223fe, edition: Academic Public License -- NOT FOR COMMERCIAL USE
See the license for distribution terms and warranty disclaimer

Setting up Cmdenv...

Loading NED files from /home/opp_env/tsn_fault_recovery/generated:  2
Loading NED files from /home/opp_env/tsn_fault_recovery/src:  10
Loading NED files from /home/opp_env/inet-4.7.0/src:  1262

Preparing for running configuration Online_l_s1_s2, run #0...
Assigned runID=Online_l_s1_s2-0-20260829-03:17:12-32861
Setting up network "diamond.ScenarioNetwork"...
Initializing...

Running simulation...
** Event #0   t=0   Elapsed: 8e-06s (0m 00s)  0% completed  (0% total)
     Speed:     ev/sec=0   simsec/sec=0   ev/simsec=0
     Messages:  created: 180   present: 180   in FES: 45   Memory (RSS): 122.188MiB
** Event #4498   t=0.02   Elapsed: 0.027507s (0m 00s)  100% completed  (100% total)
     Speed:     ev/sec=163546   simsec/sec=0.727193   ev/simsec=224900
     Messages:  created: 3507   present: 209   in FES: 28   Memory (RSS): 149.219MiB

<!> Simulation time limit reached -- at t=0.02s, event #4498

Calling finish() at end of Run #0...

End.
