OMNeT++ Discrete Event Simulation  (C) 1992-2025 Andras Varga, OpenSim Ltd.
Version: 6.4.0, build: 260506-2cf25223fe, edition: Academic Public License -- NOT FOR COMMERCIAL USE
See the license for distribution terms and warranty disclaimer

Setting up Cmdenv...

Loading NED files from /home/opp_env/tsn_fault_recovery/generated:  2
Loading NED files from /home/opp_env/tsn_fault_recovery/src:  10
Loading NED files from /home/opp_env/inet-4.7.0/src:  1262

Preparing for running configuration NoRecovery_l_sw6_sw8, run #0...
Assigned runID=NoRecovery_l_sw6_sw8-0-20260829-10:46:50-45695
Setting up network "mesh10.ScenarioNetwork"...
Initializing...

Running simulation...
** Event #0   t=0   Elapsed: 1e-05s (0m 00s)  0% completed  (0% total)
     Speed:     ev/sec=0   simsec/sec=0   ev/simsec=0
     Messages:  created: 654   present: 654   in FES: 173   Memory (RSS): 159.531MiB
** Event #19837   t=0.025   Elapsed: 0.102072s (0m 00s)  100% completed  (100% total)
     Speed:     ev/sec=194358   simsec/sec=0.244944   ev/simsec=793480
     Messages:  created: 13247   present: 745   in FES: 90   Memory (RSS): 161.406MiB

<!> Simulation time limit reached -- at t=0.025s, event #19837

Calling finish() at end of Run #0...

End.
