OMNeT++ Discrete Event Simulation  (C) 1992-2025 Andras Varga, OpenSim Ltd.
Version: 6.4.0, build: 260506-2cf25223fe, edition: Academic Public License -- NOT FOR COMMERCIAL USE
See the license for distribution terms and warranty disclaimer

Setting up Cmdenv...

Loading NED files from /home/opp_env/tsn_fault_recovery/generated:  2
Loading NED files from /home/opp_env/tsn_fault_recovery/src:  10
Loading NED files from /home/opp_env/inet-4.7.0/src:  1262

Preparing for running configuration Offline_l_sw3_sw6, run #0...
Assigned runID=Offline_l_sw3_sw6-0-20260829-10:46:49-45690
Setting up network "mesh10.ScenarioNetwork"...
Initializing...

Running simulation...
** Event #0   t=0   Elapsed: 9e-06s (0m 00s)  0% completed  (0% total)
     Speed:     ev/sec=0   simsec/sec=0   ev/simsec=0
     Messages:  created: 654   present: 654   in FES: 173   Memory (RSS): 160MiB
** Event #20483   t=0.025   Elapsed: 0.103663s (0m 00s)  100% completed  (100% total)
     Speed:     ev/sec=197607   simsec/sec=0.241185   ev/simsec=819320
     Messages:  created: 13961   present: 745   in FES: 90   Memory (RSS): 161.875MiB

<!> Simulation time limit reached -- at t=0.025s, event #20483

Calling finish() at end of Run #0...

End.
